2026-04-16 17:45:03 INFO  eBanking:13 - URL Entered
2026-04-16 17:45:03 INFO  eBanking:16 - Added UserName
2026-04-16 17:45:03 INFO  eBanking:18 - Added Password
2026-04-16 17:45:05 INFO  eBanking:23 - Login Test Passed
2026-04-16 17:58:02 INFO  eBanking:13 - URL Entered
2026-04-16 17:58:02 INFO  eBanking:16 - Added UserName
2026-04-16 17:58:02 INFO  eBanking:18 - Added Password
2026-04-16 17:58:04 INFO  eBanking:23 - Login Test Passed
2026-05-13 00:10:16 INFO  eBanking:13 - URL Entered
2026-05-13 00:10:16 INFO  eBanking:16 - Added UserName
2026-05-13 00:10:16 INFO  eBanking:18 - Added Password
2026-05-13 00:23:37 INFO  eBanking:13 - URL Entered
2026-05-13 00:23:37 INFO  eBanking:16 - Added UserName
2026-05-13 00:23:37 INFO  eBanking:18 - Added Password
2026-05-13 00:25:26 INFO  eBanking:13 - URL Entered
2026-05-13 00:25:26 INFO  eBanking:16 - Added UserName
2026-05-13 00:25:26 INFO  eBanking:18 - Added Password
2026-05-13 00:25:27 INFO  eBanking:23 - Login Test Passed
2026-05-17 01:24:37 INFO  eBanking:13 - URL Entered
2026-05-17 01:24:37 INFO  eBanking:16 - Added UserName
2026-05-17 01:24:37 INFO  eBanking:18 - Added Password
2026-05-17 01:24:38 INFO  eBanking:23 - Login Test Passed
2026-05-17 12:08:47 INFO  eBanking:13 - URL Entered
2026-05-17 12:08:47 INFO  eBanking:16 - Added UserName
2026-05-17 12:08:47 INFO  eBanking:18 - Added Password
2026-05-17 12:08:49 INFO  eBanking:23 - Login Test Passed
2026-05-17 12:09:40 INFO  eBanking:13 - URL Entered
2026-05-17 12:09:41 INFO  eBanking:16 - Added UserName
2026-05-17 12:09:41 INFO  eBanking:18 - Added Password
2026-05-17 12:09:42 INFO  eBanking:23 - Login Test Passed
2026-05-17 12:29:43 INFO  eBanking:13 - URL Entered
2026-05-17 12:29:43 INFO  eBanking:16 - Added UserName
2026-05-17 12:29:43 INFO  eBanking:18 - Added Password
2026-05-17 12:29:45 INFO  eBanking:23 - Login Test Passed
2026-05-17 12:36:10 INFO  eBanking:13 - URL Entered
2026-05-17 12:36:11 INFO  eBanking:16 - Added UserName
2026-05-17 12:36:11 INFO  eBanking:18 - Added Password
2026-05-17 12:36:12 INFO  eBanking:23 - Login Test Passed
2026-05-19 01:29:11 INFO  eBanking:16 - URL Entered
2026-05-19 01:29:11 INFO  eBanking:19 - Added UserName
2026-05-19 01:29:11 INFO  eBanking:21 - Added Password
2026-05-19 01:29:13 INFO  eBanking:26 - Login Test Passed
2026-05-19 01:29:14 INFO  eBanking:16 - URL Entered
2026-05-19 01:29:14 INFO  eBanking:19 - Added UserName
2026-05-19 01:29:14 INFO  eBanking:21 - Added Password
2026-05-19 01:29:15 INFO  eBanking:26 - Login Test Passed
2026-05-19 01:29:17 INFO  eBanking:16 - URL Entered
2026-05-19 01:29:17 INFO  eBanking:19 - Added UserName
2026-05-19 01:29:17 INFO  eBanking:21 - Added Password
2026-05-19 17:27:35 INFO  eBanking:16 - URL Entered
2026-05-19 17:27:35 INFO  eBanking:19 - Added UserName
2026-05-19 17:27:35 INFO  eBanking:21 - Added Password
2026-05-19 17:27:36 INFO  eBanking:26 - Login Test Passed
2026-05-19 17:27:37 INFO  eBanking:16 - URL Entered
2026-05-19 17:27:37 INFO  eBanking:19 - Added UserName
2026-05-19 17:27:37 INFO  eBanking:21 - Added Password
2026-05-19 17:27:41 INFO  eBanking:16 - URL Entered
2026-05-19 17:27:41 INFO  eBanking:19 - Added UserName
2026-05-19 17:27:41 INFO  eBanking:21 - Added Password
2026-05-19 17:30:36 INFO  eBanking:16 - URL Entered
2026-05-19 17:30:36 INFO  eBanking:19 - Added UserName
2026-05-19 17:30:37 INFO  eBanking:21 - Added Password
2026-05-19 17:30:38 INFO  eBanking:26 - Login Test Passed
2026-05-19 17:30:39 INFO  eBanking:16 - URL Entered
2026-05-19 17:30:39 INFO  eBanking:19 - Added UserName
2026-05-19 17:30:39 INFO  eBanking:21 - Added Password
2026-05-19 17:30:41 INFO  eBanking:26 - Login Test Passed
2026-05-19 17:30:42 INFO  eBanking:16 - URL Entered
2026-05-19 17:30:42 INFO  eBanking:19 - Added UserName
2026-05-19 17:30:42 INFO  eBanking:21 - Added Password
2026-05-19 17:37:44 INFO  eBanking:16 - URL Entered
2026-05-19 17:37:44 INFO  eBanking:19 - Added UserName
2026-05-19 17:37:44 INFO  eBanking:21 - Added Password
2026-05-19 17:37:45 INFO  eBanking:26 - Login Test Passed
2026-05-19 17:37:46 INFO  eBanking:16 - URL Entered
2026-05-19 17:37:46 INFO  eBanking:19 - Added UserName
2026-05-19 17:37:46 INFO  eBanking:21 - Added Password
2026-05-19 17:37:49 INFO  eBanking:26 - Login Test Passed
2026-05-19 17:37:50 INFO  eBanking:16 - URL Entered
2026-05-19 17:37:50 INFO  eBanking:19 - Added UserName
2026-05-19 17:37:50 INFO  eBanking:21 - Added Password
2026-05-19 17:49:30 INFO  eBanking:16 - URL Entered
2026-05-19 17:49:30 INFO  eBanking:19 - Added UserName
2026-05-19 17:49:30 INFO  eBanking:21 - Added Password
2026-05-19 17:49:32 INFO  eBanking:26 - Login Test Passed
2026-05-19 17:49:33 INFO  eBanking:16 - URL Entered
2026-05-19 17:49:33 INFO  eBanking:19 - Added UserName
2026-05-19 17:49:33 INFO  eBanking:21 - Added Password
2026-05-19 17:49:34 INFO  eBanking:26 - Login Test Passed
2026-05-19 17:49:36 INFO  eBanking:16 - URL Entered
2026-05-19 17:49:36 INFO  eBanking:19 - Added UserName
2026-05-19 17:49:36 INFO  eBanking:21 - Added Password
2026-05-20 00:15:02 INFO  eBanking:13 - URL Entered
2026-05-20 00:15:02 INFO  eBanking:16 - Added UserName
2026-05-20 00:15:02 INFO  eBanking:18 - Added Password
2026-05-20 00:19:00 INFO  eBanking:13 - URL Entered
2026-05-20 00:19:00 INFO  eBanking:16 - Added UserName
2026-05-20 00:19:00 INFO  eBanking:18 - Added Password
2026-05-20 00:59:17 INFO  eBanking:13 - URL Entered
2026-05-20 00:59:17 INFO  eBanking:16 - Added UserName
2026-05-20 00:59:17 INFO  eBanking:18 - Added Password
2026-05-20 01:29:47 INFO  eBanking:14 - URL Entered
2026-05-20 01:29:47 INFO  eBanking:17 - Added UserName
2026-05-20 01:29:47 INFO  eBanking:19 - Added Password
2026-05-20 01:30:27 INFO  eBanking:14 - URL Entered
2026-05-20 01:30:27 INFO  eBanking:17 - Added UserName
2026-05-20 01:30:27 INFO  eBanking:19 - Added Password
2026-05-20 01:31:52 INFO  eBanking:14 - URL Entered
2026-05-20 01:31:52 INFO  eBanking:17 - Added UserName
2026-05-20 01:31:52 INFO  eBanking:19 - Added Password
2026-05-20 01:33:10 INFO  eBanking:14 - URL Entered
2026-05-20 01:33:11 INFO  eBanking:17 - Added UserName
2026-05-20 01:33:11 INFO  eBanking:19 - Added Password
2026-05-20 01:47:52 INFO  eBanking:14 - URL Entered
2026-05-20 01:47:52 INFO  eBanking:17 - Added UserName
2026-05-20 01:47:52 INFO  eBanking:19 - Added Password
2026-05-20 01:47:53 INFO  eBanking:24 - Clicked Add Customer
2026-05-20 01:47:54 INFO  eBanking:26 - Name Entered
2026-05-20 01:47:54 INFO  eBanking:28 - Gender Added
2026-05-20 01:47:54 INFO  eBanking:30 - DOB Entered
2026-05-20 01:47:54 INFO  eBanking:32 - Address Entered
2026-05-20 01:47:54 INFO  eBanking:34 - City Entered
2026-05-20 01:47:54 INFO  eBanking:36 - State Entered
2026-05-20 01:47:54 INFO  eBanking:38 - Pin Entered
2026-05-20 01:47:54 INFO  eBanking:40 - Phone Entered
2026-05-20 01:47:54 INFO  eBanking:42 - Email Entered
2026-05-20 01:47:54 INFO  eBanking:44 - Password Entered
2026-05-20 01:47:55 INFO  eBanking:46 - Submit Clicked
2026-05-20 01:47:55 INFO  eBanking:53 - Login Test Passed
2026-05-20 01:48:57 INFO  eBanking:14 - URL Entered
2026-05-20 01:48:57 INFO  eBanking:17 - Added UserName
2026-05-20 01:48:57 INFO  eBanking:19 - Added Password
2026-05-20 01:48:59 INFO  eBanking:24 - Clicked Add Customer
2026-05-20 01:48:59 INFO  eBanking:26 - Name Entered
2026-05-20 01:48:59 INFO  eBanking:28 - Gender Added
2026-05-20 01:49:00 INFO  eBanking:30 - DOB Entered
2026-05-20 01:49:00 INFO  eBanking:32 - Address Entered
2026-05-20 01:49:00 INFO  eBanking:34 - City Entered
2026-05-20 01:49:00 INFO  eBanking:36 - State Entered
2026-05-20 01:49:00 INFO  eBanking:38 - Pin Entered
2026-05-20 01:49:00 INFO  eBanking:40 - Phone Entered
2026-05-20 01:49:00 INFO  eBanking:42 - Email Entered
2026-05-20 01:49:00 INFO  eBanking:44 - Password Entered
2026-05-20 01:49:02 INFO  eBanking:46 - Submit Clicked
2026-05-20 01:49:02 ERROR eBanking:55 - Login Test Failed. Expected: Customer Registered Successfullyy!!! but found: Customer Registered Successfully!!!
2026-05-21 00:40:17 INFO  eBanking:14 - URL Entered
2026-05-21 00:40:17 INFO  eBanking:17 - Added UserName
2026-05-21 00:40:17 INFO  eBanking:19 - Added Password
2026-05-21 00:40:19 INFO  eBanking:24 - Clicked Add Customer
2026-05-21 00:40:19 INFO  eBanking:26 - Name Entered
2026-05-21 00:40:19 INFO  eBanking:28 - Gender Added
2026-05-21 00:40:19 INFO  eBanking:30 - DOB Entered
2026-05-21 00:40:20 INFO  eBanking:32 - Address Entered
2026-05-21 00:40:20 INFO  eBanking:34 - City Entered
2026-05-21 00:40:20 INFO  eBanking:36 - State Entered
2026-05-21 00:40:20 INFO  eBanking:38 - Pin Entered
2026-05-21 00:40:20 INFO  eBanking:40 - Phone Entered
2026-05-21 00:40:20 INFO  eBanking:42 - Email Entered
2026-05-21 00:40:20 INFO  eBanking:44 - Password Entered
2026-05-21 00:40:21 INFO  eBanking:46 - Submit Clicked
2026-05-21 00:40:26 INFO  eBanking:53 - Login Test Passed
